TLC2 Version 2.19 of 08 August 2024 (rev: 5a47802)
Running breadth-first search Model-Checking with fp 40 and seed -9213696473496598686 with 4 workers on 48 cores with 9102MB heap and 64MB offheap memory [pid: 2353826] (Linux 6.18.26 amd64, N/A 21.0.12.1 x86_64, MSBDiskFPSet, DiskStateQueue).
Parsing file /tmp/tmp.Jq7J2NB7me/MCAntiRollback.tla
Parsing file /tmp/tmp.Jq7J2NB7me/AntiRollback.tla
Parsing file /tmp/tmp.Jq7J2NB7me/Integers.tla
Parsing file /tmp/tmp.Jq7J2NB7me/FiniteSets.tla
Parsing file /tmp/tmp.Jq7J2NB7me/Sequences.tla
Parsing file /tmp/tmp.Jq7J2NB7me/TLC.tla
Parsing file /tmp/tmp.Jq7J2NB7me/Naturals.tla
Semantic processing of module Naturals
Semantic processing of module Integers
Semantic processing of module Sequences
Semantic processing of module FiniteSets
Semantic processing of module TLC
Semantic processing of module AntiRollback
Semantic processing of module MCAntiRollback
Starting... (2026-09-30 19:57:59)
Computing initial states...
Finished computing initial states: 1 distinct state generated at 2026-09-30 19:57:59.
Error: Invariant NoStaleRestore is violated.
Error: The behavior up to this point is:
State 1: <Initial predicate>
/\ leader = 1
/\ rcommit = 0
/\ has = <<0, 0, 0, 0>>
/\ ns = <<"up", "up", "up", "unborn">>
/\ cl = <<"R", "R">>
/\ now = 0
/\ cs = [ S |->
      [ k |-> [A |-> [ver |-> 0, reg |-> FALSE, com |-> 0]],
        ret |-> {},
        wm |-> [A |-> -1],
        rl |-> {},
        rids |-> {},
        rt |-> {} ],
  R |->
      [ k |-> [A |-> [ver |-> 0, reg |-> FALSE, com |-> 0]],
        ret |-> {},
        wm |-> [A |-> -1],
        rl |-> {},
        rids |-> {},
        rt |-> {} ] ]
/\ pend = <<0, 0>>
/\ ackIdx = {}
/\ violStale = FALSE
/\ ph = <<"off", "off">>
/\ disk = <<0, 0>>
/\ parent = <<0, 0>>
/\ revEver = {}
/\ issued = {}
/\ slotOf = <<1, 2, 3, 1>>
/\ rlog = <<>>
/\ img = <<"A", "A">>
/\ ver = <<0, 0>>
/\ violOwner = FALSE
/\ disasters = 0
/\ pst = <<0, 0>>
/\ thinks = {1, 2, 3}
/\ rsp = << [ has |-> FALSE,
     r |-> [ver |-> 0, kind |-> "None"],
     idx |-> 0,
     sv |-> FALSE,
     ov |-> FALSE ],
   [ has |-> FALSE,
     r |-> [ver |-> 0, kind |-> "None"],
     idx |-> 0,
     sv |-> FALSE,
     ov |-> FALSE ] >>
/\ was = {1, 2, 3}
/\ violRev = 0
/\ nid = 0
/\ violRollback = FALSE
/\ revIssued = {}
/\ acked = {}
/\ violAuth = FALSE
/\ cfg = {1, 2, 3}
/\ nstate = 0

State 2: <Next line 759, col 8 to line 759, col 87 of module AntiRollback>
/\ leader = 1
/\ rcommit = 0
/\ has = <<0, 0, 0, 0>>
/\ ns = <<"up", "up", "up", "unborn">>
/\ cl = <<"S", "R">>
/\ now = 0
/\ cs = [ S |->
      [ k |-> [A |-> [ver |-> 0, reg |-> FALSE, com |-> 0]],
        ret |-> {},
        wm |-> [A |-> -1],
        rl |-> {},
        rids |-> {},
        rt |-> {} ],
  R |->
      [ k |-> [A |-> [ver |-> 0, reg |-> FALSE, com |-> 0]],
        ret |-> {},
        wm |-> [A |-> -1],
        rl |-> {},
        rids |-> {},
        rt |-> {} ] ]
/\ pend = <<0, 0>>
/\ ackIdx = {}
/\ violStale = FALSE
/\ ph = <<"get", "off">>
/\ disk = <<0, 0>>
/\ parent = <<0, 0>>
/\ revEver = {}
/\ issued = {}
/\ slotOf = <<1, 2, 3, 1>>
/\ rlog = <<>>
/\ img = <<"A", "A">>
/\ ver = <<0, 0>>
/\ violOwner = FALSE
/\ disasters = 0
/\ pst = <<0, 0>>
/\ thinks = {1, 2, 3}
/\ rsp = << [ has |-> FALSE,
     r |-> [ver |-> 0, kind |-> "None"],
     idx |-> 0,
     sv |-> FALSE,
     ov |-> FALSE ],
   [ has |-> FALSE,
     r |-> [ver |-> 0, kind |-> "None"],
     idx |-> 0,
     sv |-> FALSE,
     ov |-> FALSE ] >>
/\ was = {1, 2, 3}
/\ violRev = 0
/\ nid = 0
/\ violRollback = FALSE
/\ revIssued = {}
/\ acked = {}
/\ violAuth = FALSE
/\ cfg = {1, 2, 3}
/\ nstate = 0

State 3: <BootGet line 403, col 5 to line 418, col 75 of module AntiRollback>
/\ leader = 1
/\ rcommit = 0
/\ has = <<0, 0, 0, 0>>
/\ ns = <<"up", "up", "up", "unborn">>
/\ cl = <<"S", "R">>
/\ now = 0
/\ cs = [ S |->
      [ k |-> [A |-> [ver |-> 0, reg |-> FALSE, com |-> 0]],
        ret |-> {},
        wm |-> [A |-> -1],
        rl |-> {},
        rids |-> {},
        rt |-> {} ],
  R |->
      [ k |-> [A |-> [ver |-> 0, reg |-> FALSE, com |-> 0]],
        ret |-> {},
        wm |-> [A |-> -1],
        rl |-> {},
        rids |-> {},
        rt |-> {} ] ]
/\ pend = <<0, 0>>
/\ ackIdx = {}
/\ violStale = FALSE
/\ ph = <<"reg", "off">>
/\ disk = <<0, 0>>
/\ parent = <<0, 0>>
/\ revEver = {}
/\ issued = {}
/\ slotOf = <<1, 2, 3, 1>>
/\ rlog = <<>>
/\ img = <<"A", "A">>
/\ ver = <<0, 0>>
/\ violOwner = FALSE
/\ disasters = 0
/\ pst = <<0, 0>>
/\ thinks = {1, 2, 3}
/\ rsp = << [ has |-> FALSE,
     r |-> [ver |-> 0, kind |-> "None"],
     idx |-> 0,
     sv |-> FALSE,
     ov |-> FALSE ],
   [ has |-> FALSE,
     r |-> [ver |-> 0, kind |-> "None"],
     idx |-> 0,
     sv |-> FALSE,
     ov |-> FALSE ] >>
/\ was = {1, 2, 3}
/\ violRev = 0
/\ nid = 0
/\ violRollback = FALSE
/\ revIssued = {}
/\ acked = {}
/\ violAuth = FALSE
/\ cfg = {1, 2, 3}
/\ nstate = 0

State 4: <BootRegister line 432, col 5 to line 438, col 63 of module AntiRollback>
/\ leader = 1
/\ rcommit = 0
/\ has = <<0, 0, 0, 0>>
/\ ns = <<"up", "up", "up", "unborn">>
/\ cl = <<"S", "R">>
/\ now = 0
/\ cs = [ S |->
      [ k |-> [A |-> [ver |-> 0, reg |-> TRUE, com |-> 0]],
        ret |-> {},
        wm |-> [A |-> -1],
        rl |-> {},
        rids |-> {},
        rt |-> {} ],
  R |->
      [ k |-> [A |-> [ver |-> 0, reg |-> FALSE, com |-> 0]],
        ret |-> {},
        wm |-> [A |-> -1],
        rl |-> {},
        rids |-> {},
        rt |-> {} ] ]
/\ pend = <<1, 0>>
/\ ackIdx = {}
/\ violStale = FALSE
/\ ph = <<"reg", "off">>
/\ disk = <<0, 0>>
/\ parent = <<0, 0>>
/\ revEver = {}
/\ issued = {}
/\ slotOf = <<1, 2, 3, 1>>
/\ rlog = <<>>
/\ img = <<"A", "A">>
/\ ver = <<0, 0>>
/\ violOwner = FALSE
/\ disasters = 0
/\ pst = <<0, 0>>
/\ thinks = {1, 2, 3}
/\ rsp = << [ has |-> TRUE,
     r |-> [ver |-> 0, kind |-> "Ok"],
     idx |-> 0,
     sv |-> FALSE,
     ov |-> FALSE ],
   [ has |-> FALSE,
     r |-> [ver |-> 0, kind |-> "None"],
     idx |-> 0,
     sv |-> FALSE,
     ov |-> FALSE ] >>
/\ was = {1, 2, 3}
/\ violRev = 0
/\ nid = 1
/\ violRollback = FALSE
/\ revIssued = {}
/\ acked = {}
/\ violAuth = FALSE
/\ cfg = {1, 2, 3}
/\ nstate = 0

State 5: <Deliver line 560, col 5 to line 594, col 60 of module AntiRollback>
/\ leader = 1
/\ rcommit = 0
/\ has = <<0, 0, 0, 0>>
/\ ns = <<"up", "up", "up", "unborn">>
/\ cl = <<"S", "R">>
/\ now = 0
/\ cs = [ S |->
      [ k |-> [A |-> [ver |-> 0, reg |-> TRUE, com |-> 0]],
        ret |-> {},
        wm |-> [A |-> -1],
        rl |-> {},
        rids |-> {},
        rt |-> {} ],
  R |->
      [ k |-> [A |-> [ver |-> 0, reg |-> FALSE, com |-> 0]],
        ret |-> {},
        wm |-> [A |-> -1],
        rl |-> {},
        rids |-> {},
        rt |-> {} ] ]
/\ pend = <<0, 0>>
/\ ackIdx = {}
/\ violStale = FALSE
/\ ph = <<"srv", "off">>
/\ disk = <<0, 0>>
/\ parent = <<0, 0>>
/\ revEver = {}
/\ issued = {}
/\ slotOf = <<1, 2, 3, 1>>
/\ rlog = <<>>
/\ img = <<"A", "A">>
/\ ver = <<0, 0>>
/\ violOwner = FALSE
/\ disasters = 0
/\ pst = <<0, 0>>
/\ thinks = {1, 2, 3}
/\ rsp = << [ has |-> FALSE,
     r |-> [ver |-> 0, kind |-> "None"],
     idx |-> 0,
     sv |-> FALSE,
     ov |-> FALSE ],
   [ has |-> FALSE,
     r |-> [ver |-> 0, kind |-> "None"],
     idx |-> 0,
     sv |-> FALSE,
     ov |-> FALSE ] >>
/\ was = {1, 2, 3}
/\ violRev = 0
/\ nid = 1
/\ violRollback = FALSE
/\ revIssued = {}
/\ acked = {<<"A", 0>>}
/\ violAuth = FALSE
/\ cfg = {1, 2, 3}
/\ nstate = 0

State 6: <Write line 491, col 5 to line 498, col 46 of module AntiRollback>
/\ leader = 1
/\ rcommit = 0
/\ has = <<0, 0, 0, 0>>
/\ ns = <<"up", "up", "up", "unborn">>
/\ cl = <<"S", "R">>
/\ now = 0
/\ cs = [ S |->
      [ k |-> [A |-> [ver |-> 0, reg |-> TRUE, com |-> 0]],
        ret |-> {},
        wm |-> [A |-> -1],
        rl |-> {},
        rids |-> {},
        rt |-> {} ],
  R |->
      [ k |-> [A |-> [ver |-> 0, reg |-> FALSE, com |-> 0]],
        ret |-> {},
        wm |-> [A |-> -1],
        rl |-> {},
        rids |-> {},
        rt |-> {} ] ]
/\ pend = <<0, 0>>
/\ ackIdx = {}
/\ violStale = FALSE
/\ ph = <<"pin", "off">>
/\ disk = <<0, 0>>
/\ parent = <<0, 0>>
/\ revEver = {}
/\ issued = {}
/\ slotOf = <<1, 2, 3, 1>>
/\ rlog = <<>>
/\ img = <<"A", "A">>
/\ ver = <<0, 0>>
/\ violOwner = FALSE
/\ disasters = 0
/\ pst = <<1, 0>>
/\ thinks = {1, 2, 3}
/\ rsp = << [ has |-> FALSE,
     r |-> [ver |-> 0, kind |-> "None"],
     idx |-> 0,
     sv |-> FALSE,
     ov |-> FALSE ],
   [ has |-> FALSE,
     r |-> [ver |-> 0, kind |-> "None"],
     idx |-> 0,
     sv |-> FALSE,
     ov |-> FALSE ] >>
/\ was = {1, 2, 3}
/\ violRev = 0
/\ nid = 1
/\ violRollback = FALSE
/\ revIssued = {}
/\ acked = {<<"A", 0>>}
/\ violAuth = FALSE
/\ cfg = {1, 2, 3}
/\ nstate = 1

State 7: <Next line 759, col 8 to line 759, col 87 of module AntiRollback>
/\ leader = 1
/\ rcommit = 0
/\ has = <<0, 0, 0, 0>>
/\ ns = <<"up", "up", "up", "unborn">>
/\ cl = <<"S", "S">>
/\ now = 0
/\ cs = [ S |->
      [ k |-> [A |-> [ver |-> 0, reg |-> TRUE, com |-> 0]],
        ret |-> {},
        wm |-> [A |-> -1],
        rl |-> {},
        rids |-> {},
        rt |-> {} ],
  R |->
      [ k |-> [A |-> [ver |-> 0, reg |-> FALSE, com |-> 0]],
        ret |-> {},
        wm |-> [A |-> -1],
        rl |-> {},
        rids |-> {},
        rt |-> {} ] ]
/\ pend = <<0, 0>>
/\ ackIdx = {}
/\ violStale = FALSE
/\ ph = <<"pin", "get">>
/\ disk = <<0, 1>>
/\ parent = <<0, 0>>
/\ revEver = {}
/\ issued = {}
/\ slotOf = <<1, 2, 3, 1>>
/\ rlog = <<>>
/\ img = <<"A", "A">>
/\ ver = <<0, 0>>
/\ violOwner = FALSE
/\ disasters = 0
/\ pst = <<1, 0>>
/\ thinks = {1, 2, 3}
/\ rsp = << [ has |-> FALSE,
     r |-> [ver |-> 0, kind |-> "None"],
     idx |-> 0,
     sv |-> FALSE,
     ov |-> FALSE ],
   [ has |-> FALSE,
     r |-> [ver |-> 0, kind |-> "None"],
     idx |-> 0,
     sv |-> FALSE,
     ov |-> FALSE ] >>
/\ was = {1, 2, 3}
/\ violRev = 0
/\ nid = 1
/\ violRollback = FALSE
/\ revIssued = {}
/\ acked = {<<"A", 0>>}
/\ violAuth = FALSE
/\ cfg = {1, 2, 3}
/\ nstate = 1

State 8: <PinSubmit line 503, col 5 to line 509, col 63 of module AntiRollback>
/\ leader = 1
/\ rcommit = 0
/\ has = <<0, 0, 0, 0>>
/\ ns = <<"up", "up", "up", "unborn">>
/\ cl = <<"S", "S">>
/\ now = 0
/\ cs = [ S |->
      [ k |-> [A |-> [ver |-> 1, reg |-> TRUE, com |-> 1]],
        ret |-> {},
        wm |-> [A |-> -1],
        rl |-> {},
        rids |-> {},
        rt |-> {} ],
  R |->
      [ k |-> [A |-> [ver |-> 0, reg |-> FALSE, com |-> 0]],
        ret |-> {},
        wm |-> [A |-> -1],
        rl |-> {},
        rids |-> {},
        rt |-> {} ] ]
/\ pend = <<2, 0>>
/\ ackIdx = {}
/\ violStale = FALSE
/\ ph = <<"pin", "get">>
/\ disk = <<0, 1>>
/\ parent = <<0, 0>>
/\ revEver = {}
/\ issued = {}
/\ slotOf = <<1, 2, 3, 1>>
/\ rlog = <<>>
/\ img = <<"A", "A">>
/\ ver = <<0, 0>>
/\ violOwner = FALSE
/\ disasters = 0
/\ pst = <<1, 0>>
/\ thinks = {1, 2, 3}
/\ rsp = << [ has |-> TRUE,
     r |-> [ver |-> 1, kind |-> "Ok"],
     idx |-> 0,
     sv |-> FALSE,
     ov |-> FALSE ],
   [ has |-> FALSE,
     r |-> [ver |-> 0, kind |-> "None"],
     idx |-> 0,
     sv |-> FALSE,
     ov |-> FALSE ] >>
/\ was = {1, 2, 3}
/\ violRev = 0
/\ nid = 2
/\ violRollback = FALSE
/\ revIssued = {}
/\ acked = {<<"A", 0>>}
/\ violAuth = FALSE
/\ cfg = {1, 2, 3}
/\ nstate = 1

State 9: <Deliver line 560, col 5 to line 594, col 60 of module AntiRollback>
/\ leader = 1
/\ rcommit = 0
/\ has = <<0, 0, 0, 0>>
/\ ns = <<"up", "up", "up", "unborn">>
/\ cl = <<"S", "S">>
/\ now = 0
/\ cs = [ S |->
      [ k |-> [A |-> [ver |-> 1, reg |-> TRUE, com |-> 1]],
        ret |-> {},
        wm |-> [A |-> -1],
        rl |-> {},
        rids |-> {},
        rt |-> {} ],
  R |->
      [ k |-> [A |-> [ver |-> 0, reg |-> FALSE, com |-> 0]],
        ret |-> {},
        wm |-> [A |-> -1],
        rl |-> {},
        rids |-> {},
        rt |-> {} ] ]
/\ pend = <<0, 0>>
/\ ackIdx = {}
/\ violStale = FALSE
/\ ph = <<"srv", "get">>
/\ disk = <<1, 1>>
/\ parent = <<0, 0>>
/\ revEver = {}
/\ issued = {}
/\ slotOf = <<1, 2, 3, 1>>
/\ rlog = <<>>
/\ img = <<"A", "A">>
/\ ver = <<1, 0>>
/\ violOwner = FALSE
/\ disasters = 0
/\ pst = <<1, 0>>
/\ thinks = {1, 2, 3}
/\ rsp = << [ has |-> FALSE,
     r |-> [ver |-> 0, kind |-> "None"],
     idx |-> 0,
     sv |-> FALSE,
     ov |-> FALSE ],
   [ has |-> FALSE,
     r |-> [ver |-> 0, kind |-> "None"],
     idx |-> 0,
     sv |-> FALSE,
     ov |-> FALSE ] >>
/\ was = {1, 2, 3}
/\ violRev = 0
/\ nid = 2
/\ violRollback = FALSE
/\ revIssued = {}
/\ acked = {<<"A", 0>>, <<"A", 1>>}
/\ violAuth = FALSE
/\ cfg = {1, 2, 3}
/\ nstate = 1

State 10: <Write line 491, col 5 to line 498, col 46 of module AntiRollback>
/\ leader = 1
/\ rcommit = 0
/\ has = <<0, 0, 0, 0>>
/\ ns = <<"up", "up", "up", "unborn">>
/\ cl = <<"S", "S">>
/\ now = 0
/\ cs = [ S |->
      [ k |-> [A |-> [ver |-> 1, reg |-> TRUE, com |-> 1]],
        ret |-> {},
        wm |-> [A |-> -1],
        rl |-> {},
        rids |-> {},
        rt |-> {} ],
  R |->
      [ k |-> [A |-> [ver |-> 0, reg |-> FALSE, com |-> 0]],
        ret |-> {},
        wm |-> [A |-> -1],
        rl |-> {},
        rids |-> {},
        rt |-> {} ] ]
/\ pend = <<0, 0>>
/\ ackIdx = {}
/\ violStale = FALSE
/\ ph = <<"pin", "get">>
/\ disk = <<1, 1>>
/\ parent = <<0, 1>>
/\ revEver = {}
/\ issued = {}
/\ slotOf = <<1, 2, 3, 1>>
/\ rlog = <<>>
/\ img = <<"A", "A">>
/\ ver = <<1, 0>>
/\ violOwner = FALSE
/\ disasters = 0
/\ pst = <<2, 0>>
/\ thinks = {1, 2, 3}
/\ rsp = << [ has |-> FALSE,
     r |-> [ver |-> 0, kind |-> "None"],
     idx |-> 0,
     sv |-> FALSE,
     ov |-> FALSE ],
   [ has |-> FALSE,
     r |-> [ver |-> 0, kind |-> "None"],
     idx |-> 0,
     sv |-> FALSE,
     ov |-> FALSE ] >>
/\ was = {1, 2, 3}
/\ violRev = 0
/\ nid = 2
/\ violRollback = FALSE
/\ revIssued = {}
/\ acked = {<<"A", 0>>, <<"A", 1>>}
/\ violAuth = FALSE
/\ cfg = {1, 2, 3}
/\ nstate = 2

State 11: <Reconnect line 522, col 5 to line 526, col 85 of module AntiRollback>
/\ leader = 1
/\ rcommit = 0
/\ has = <<0, 0, 0, 0>>
/\ ns = <<"up", "up", "up", "unborn">>
/\ cl = <<"R", "S">>
/\ now = 0
/\ cs = [ S |->
      [ k |-> [A |-> [ver |-> 1, reg |-> TRUE, com |-> 1]],
        ret |-> {},
        wm |-> [A |-> -1],
        rl |-> {},
        rids |-> {},
        rt |-> {} ],
  R |->
      [ k |-> [A |-> [ver |-> 0, reg |-> FALSE, com |-> 0]],
        ret |-> {},
        wm |-> [A |-> -1],
        rl |-> {},
        rids |-> {},
        rt |-> {} ] ]
/\ pend = <<0, 0>>
/\ ackIdx = {}
/\ violStale = FALSE
/\ ph = <<"pin", "get">>
/\ disk = <<1, 1>>
/\ parent = <<0, 1>>
/\ revEver = {}
/\ issued = {}
/\ slotOf = <<1, 2, 3, 1>>
/\ rlog = <<>>
/\ img = <<"A", "A">>
/\ ver = <<1, 0>>
/\ violOwner = FALSE
/\ disasters = 0
/\ pst = <<2, 0>>
/\ thinks = {1, 2, 3}
/\ rsp = << [ has |-> FALSE,
     r |-> [ver |-> 0, kind |-> "None"],
     idx |-> 0,
     sv |-> FALSE,
     ov |-> FALSE ],
   [ has |-> FALSE,
     r |-> [ver |-> 0, kind |-> "None"],
     idx |-> 0,
     sv |-> FALSE,
     ov |-> FALSE ] >>
/\ was = {1, 2, 3}
/\ violRev = 0
/\ nid = 2
/\ violRollback = FALSE
/\ revIssued = {}
/\ acked = {<<"A", 0>>, <<"A", 1>>}
/\ violAuth = FALSE
/\ cfg = {1, 2, 3}
/\ nstate = 2

State 12: <PinSubmit line 503, col 5 to line 509, col 63 of module AntiRollback>
/\ leader = 1
/\ rcommit = 0
/\ has = <<1, 0, 0, 0>>
/\ ns = <<"up", "up", "up", "unborn">>
/\ cl = <<"R", "S">>
/\ now = 0
/\ cs = [ S |->
      [ k |-> [A |-> [ver |-> 1, reg |-> TRUE, com |-> 1]],
        ret |-> {},
        wm |-> [A |-> -1],
        rl |-> {},
        rids |-> {},
        rt |-> {} ],
  R |->
      [ k |-> [A |-> [ver |-> 0, reg |-> FALSE, com |-> 0]],
        ret |-> {},
        wm |-> [A |-> -1],
        rl |-> {},
        rids |-> {},
        rt |-> {} ] ]
/\ pend = <<3, 0>>
/\ ackIdx = {}
/\ violStale = FALSE
/\ ph = <<"pin", "get">>
/\ disk = <<1, 1>>
/\ parent = <<0, 1>>
/\ revEver = {}
/\ issued = {}
/\ slotOf = <<1, 2, 3, 1>>
/\ rlog = << [ id |-> 3,
     iss |-> 0,
     t |-> 0,
     com |-> 2,
     kind |-> "Reg",
     key |-> "A",
     lk |->
         [id |-> 0, from |-> "-", to |-> "-", vf |-> 0, iss |-> 0, tpl |-> 0],
     rid |-> 0,
     ev |-> 0,
     new |-> "A",
     tgt |->
         [id |-> 0, from |-> "-", to |-> "-", vf |-> 0, iss |-> 0, tpl |-> 0],
     by |-> "enc" ] >>
/\ img = <<"A", "A">>
/\ ver = <<1, 0>>
/\ violOwner = FALSE
/\ disasters = 0
/\ pst = <<2, 0>>
/\ thinks = {1, 2, 3}
/\ rsp = << [ has |-> FALSE,
     r |-> [ver |-> 0, kind |-> "None"],
     idx |-> 0,
     sv |-> FALSE,
     ov |-> FALSE ],
   [ has |-> FALSE,
     r |-> [ver |-> 0, kind |-> "None"],
     idx |-> 0,
     sv |-> FALSE,
     ov |-> FALSE ] >>
/\ was = {1, 2, 3}
/\ violRev = 0
/\ nid = 3
/\ violRollback = FALSE
/\ revIssued = {}
/\ acked = {<<"A", 0>>, <<"A", 1>>}
/\ violAuth = FALSE
/\ cfg = {1, 2, 3}
/\ nstate = 2

State 13: <Replicate line 600, col 5 to line 604, col 54 of module AntiRollback>
/\ leader = 1
/\ rcommit = 0
/\ has = <<1, 1, 0, 0>>
/\ ns = <<"up", "up", "up", "unborn">>
/\ cl = <<"R", "S">>
/\ now = 0
/\ cs = [ S |->
      [ k |-> [A |-> [ver |-> 1, reg |-> TRUE, com |-> 1]],
        ret |-> {},
        wm |-> [A |-> -1],
        rl |-> {},
        rids |-> {},
        rt |-> {} ],
  R |->
      [ k |-> [A |-> [ver |-> 0, reg |-> FALSE, com |-> 0]],
        ret |-> {},
        wm |-> [A |-> -1],
        rl |-> {},
        rids |-> {},
        rt |-> {} ] ]
/\ pend = <<3, 0>>
/\ ackIdx = {}
/\ violStale = FALSE
/\ ph = <<"pin", "get">>
/\ disk = <<1, 1>>
/\ parent = <<0, 1>>
/\ revEver = {}
/\ issued = {}
/\ slotOf = <<1, 2, 3, 1>>
/\ rlog = << [ id |-> 3,
     iss |-> 0,
     t |-> 0,
     com |-> 2,
     kind |-> "Reg",
     key |-> "A",
     lk |->
         [id |-> 0, from |-> "-", to |-> "-", vf |-> 0, iss |-> 0, tpl |-> 0],
     rid |-> 0,
     ev |-> 0,
     new |-> "A",
     tgt |->
         [id |-> 0, from |-> "-", to |-> "-", vf |-> 0, iss |-> 0, tpl |-> 0],
     by |-> "enc" ] >>
/\ img = <<"A", "A">>
/\ ver = <<1, 0>>
/\ violOwner = FALSE
/\ disasters = 0
/\ pst = <<2, 0>>
/\ thinks = {1, 2, 3}
/\ rsp = << [ has |-> FALSE,
     r |-> [ver |-> 0, kind |-> "None"],
     idx |-> 0,
     sv |-> FALSE,
     ov |-> FALSE ],
   [ has |-> FALSE,
     r |-> [ver |-> 0, kind |-> "None"],
     idx |-> 0,
     sv |-> FALSE,
     ov |-> FALSE ] >>
/\ was = {1, 2, 3}
/\ violRev = 0
/\ nid = 3
/\ violRollback = FALSE
/\ revIssued = {}
/\ acked = {<<"A", 0>>, <<"A", 1>>}
/\ violAuth = FALSE
/\ cfg = {1, 2, 3}
/\ nstate = 2

State 14: <AdvanceR line 609, col 5 to line 622, col 73 of module AntiRollback>
/\ leader = 1
/\ rcommit = 1
/\ has = <<1, 1, 0, 0>>
/\ ns = <<"up", "up", "up", "unborn">>
/\ cl = <<"R", "S">>
/\ now = 0
/\ cs = [ S |->
      [ k |-> [A |-> [ver |-> 1, reg |-> TRUE, com |-> 1]],
        ret |-> {},
        wm |-> [A |-> -1],
        rl |-> {},
        rids |-> {},
        rt |-> {} ],
  R |->
      [ k |-> [A |-> [ver |-> 0, reg |-> TRUE, com |-> 2]],
        ret |-> {},
        wm |-> [A |-> -1],
        rl |-> {},
        rids |-> {},
        rt |-> {} ] ]
/\ pend = <<3, 0>>
/\ ackIdx = {}
/\ violStale = FALSE
/\ ph = <<"pin", "get">>
/\ disk = <<1, 1>>
/\ parent = <<0, 1>>
/\ revEver = {}
/\ issued = {}
/\ slotOf = <<1, 2, 3, 1>>
/\ rlog = << [ id |-> 3,
     iss |-> 0,
     t |-> 0,
     com |-> 2,
     kind |-> "Reg",
     key |-> "A",
     lk |->
         [id |-> 0, from |-> "-", to |-> "-", vf |-> 0, iss |-> 0, tpl |-> 0],
     rid |-> 0,
     ev |-> 0,
     new |-> "A",
     tgt |->
         [id |-> 0, from |-> "-", to |-> "-", vf |-> 0, iss |-> 0, tpl |-> 0],
     by |-> "enc" ] >>
/\ img = <<"A", "A">>
/\ ver = <<1, 0>>
/\ violOwner = FALSE
/\ disasters = 0
/\ pst = <<2, 0>>
/\ thinks = {1, 2, 3}
/\ rsp = << [ has |-> TRUE,
     r |-> [ver |-> 0, kind |-> "Ok"],
     idx |-> 1,
     sv |-> FALSE,
     ov |-> FALSE ],
   [ has |-> FALSE,
     r |-> [ver |-> 0, kind |-> "None"],
     idx |-> 0,
     sv |-> FALSE,
     ov |-> FALSE ] >>
/\ was = {1, 2, 3}
/\ violRev = 0
/\ nid = 3
/\ violRollback = FALSE
/\ revIssued = {}
/\ acked = {<<"A", 0>>, <<"A", 1>>}
/\ violAuth = FALSE
/\ cfg = {1, 2, 3}
/\ nstate = 2

State 15: <Deliver line 560, col 5 to line 594, col 60 of module AntiRollback>
/\ leader = 1
/\ rcommit = 1
/\ has = <<1, 1, 0, 0>>
/\ ns = <<"up", "up", "up", "unborn">>
/\ cl = <<"R", "S">>
/\ now = 0
/\ cs = [ S |->
      [ k |-> [A |-> [ver |-> 1, reg |-> TRUE, com |-> 1]],
        ret |-> {},
        wm |-> [A |-> -1],
        rl |-> {},
        rids |-> {},
        rt |-> {} ],
  R |->
      [ k |-> [A |-> [ver |-> 0, reg |-> TRUE, com |-> 2]],
        ret |-> {},
        wm |-> [A |-> -1],
        rl |-> {},
        rids |-> {},
        rt |-> {} ] ]
/\ pend = <<0, 0>>
/\ ackIdx = {<<1, 3>>}
/\ violStale = FALSE
/\ ph = <<"srv", "get">>
/\ disk = <<2, 1>>
/\ parent = <<0, 1>>
/\ revEver = {}
/\ issued = {}
/\ slotOf = <<1, 2, 3, 1>>
/\ rlog = << [ id |-> 3,
     iss |-> 0,
     t |-> 0,
     com |-> 2,
     kind |-> "Reg",
     key |-> "A",
     lk |->
         [id |-> 0, from |-> "-", to |-> "-", vf |-> 0, iss |-> 0, tpl |-> 0],
     rid |-> 0,
     ev |-> 0,
     new |-> "A",
     tgt |->
         [id |-> 0, from |-> "-", to |-> "-", vf |-> 0, iss |-> 0, tpl |-> 0],
     by |-> "enc" ] >>
/\ img = <<"A", "A">>
/\ ver = <<0, 0>>
/\ violOwner = FALSE
/\ disasters = 0
/\ pst = <<2, 0>>
/\ thinks = {1, 2, 3}
/\ rsp = << [ has |-> FALSE,
     r |-> [ver |-> 0, kind |-> "None"],
     idx |-> 0,
     sv |-> FALSE,
     ov |-> FALSE ],
   [ has |-> FALSE,
     r |-> [ver |-> 0, kind |-> "None"],
     idx |-> 0,
     sv |-> FALSE,
     ov |-> FALSE ] >>
/\ was = {1, 2, 3}
/\ violRev = 0
/\ nid = 3
/\ violRollback = FALSE
/\ revIssued = {}
/\ acked = {<<"A", 0>>, <<"A", 1>>, <<"A", 2>>}
/\ violAuth = FALSE
/\ cfg = {1, 2, 3}
/\ nstate = 2

State 16: <BootGet line 403, col 5 to line 418, col 75 of module AntiRollback>
/\ leader = 1
/\ rcommit = 1
/\ has = <<1, 1, 0, 0>>
/\ ns = <<"up", "up", "up", "unborn">>
/\ cl = <<"R", "S">>
/\ now = 0
/\ cs = [ S |->
      [ k |-> [A |-> [ver |-> 1, reg |-> TRUE, com |-> 1]],
        ret |-> {},
        wm |-> [A |-> -1],
        rl |-> {},
        rids |-> {},
        rt |-> {} ],
  R |->
      [ k |-> [A |-> [ver |-> 0, reg |-> TRUE, com |-> 2]],
        ret |-> {},
        wm |-> [A |-> -1],
        rl |-> {},
        rids |-> {},
        rt |-> {} ] ]
/\ pend = <<0, 0>>
/\ ackIdx = {<<1, 3>>}
/\ violStale = TRUE
/\ ph = <<"srv", "srv">>
/\ disk = <<2, 1>>
/\ parent = <<0, 1>>
/\ revEver = {}
/\ issued = {}
/\ slotOf = <<1, 2, 3, 1>>
/\ rlog = << [ id |-> 3,
     iss |-> 0,
     t |-> 0,
     com |-> 2,
     kind |-> "Reg",
     key |-> "A",
     lk |->
         [id |-> 0, from |-> "-", to |-> "-", vf |-> 0, iss |-> 0, tpl |-> 0],
     rid |-> 0,
     ev |-> 0,
     new |-> "A",
     tgt |->
         [id |-> 0, from |-> "-", to |-> "-", vf |-> 0, iss |-> 0, tpl |-> 0],
     by |-> "enc" ] >>
/\ img = <<"A", "A">>
/\ ver = <<0, 1>>
/\ violOwner = FALSE
/\ disasters = 0
/\ pst = <<2, 0>>
/\ thinks = {1, 2, 3}
/\ rsp = << [ has |-> FALSE,
     r |-> [ver |-> 0, kind |-> "None"],
     idx |-> 0,
     sv |-> FALSE,
     ov |-> FALSE ],
   [ has |-> FALSE,
     r |-> [ver |-> 0, kind |-> "None"],
     idx |-> 0,
     sv |-> FALSE,
     ov |-> FALSE ] >>
/\ was = {1, 2, 3}
/\ violRev = 0
/\ nid = 3
/\ violRollback = TRUE
/\ revIssued = {}
/\ acked = {<<"A", 0>>, <<"A", 1>>, <<"A", 2>>}
/\ violAuth = FALSE
/\ cfg = {1, 2, 3}
/\ nstate = 2

4429432 states generated, 967656 distinct states found, 502762 states left on queue.
The depth of the complete state graph search is 17.
The average outdegree of the complete state graph is 2 (minimum is 0, the maximum 14 and the 95th percentile is 6).
Finished in 12s at (2026-09-30 19:58:11)
