TLC2 Version 2.19 of 08 August 2024 (rev: 5a47802)
Running breadth-first search Model-Checking with fp 17 and seed 4156412681114030181 with 4 workers on 48 cores with 10923MB heap and 64MB offheap memory [pid: 2395064] (Linux 6.18.26 amd64, N/A 21.0.12.1 x86_64, MSBDiskFPSet, DiskStateQueue).
Parsing file /tmp/tmp.rcntqZaFtN/MCAntiRollback.tla
Parsing file /tmp/tmp.rcntqZaFtN/AntiRollback.tla
Parsing file /tmp/tmp.rcntqZaFtN/Integers.tla
Parsing file /tmp/tmp.rcntqZaFtN/FiniteSets.tla
Parsing file /tmp/tmp.rcntqZaFtN/Sequences.tla
Parsing file /tmp/tmp.rcntqZaFtN/TLC.tla
Parsing file /tmp/tmp.rcntqZaFtN/Naturals.tla
Semantic processing of module Naturals
Semantic processing of module Integers
Semantic processing of module Sequences
Semantic processing of module FiniteSets
Semantic processing of module TLC
Semantic processing of module AntiRollback
Semantic processing of module MCAntiRollback
Starting... (2026-09-30 20:10:32)
Computing initial states...
Finished computing initial states: 1 distinct state generated at 2026-09-30 20:10:32.
Model checking completed. No error has been found.
  Estimates of the probability that TLC did not check all reachable states
  because two distinct states had the same fingerprint:
  calculated (optimistic):  val = 2.6E-4
  based on the actual fingerprints:  val = 1.0E-4
186736995 states generated, 30655327 distinct states found, 0 states left on queue.
The depth of the complete state graph search is 38.
The average outdegree of the complete state graph is 1 (minimum is 0, the maximum 10 and the 95th percentile is 3).
Finished in 16min 12s at (2026-09-30 20:26:43)
