TLC2 Version 2.19 of 08 August 2024 (rev: 5a47802)
Running breadth-first search Model-Checking with fp 28 and seed 9095102603610968738 with 4 workers on 48 cores with 10923MB heap and 64MB offheap memory [pid: 2395070] (Linux 6.18.26 amd64, N/A 21.0.12.1 x86_64, MSBDiskFPSet, DiskStateQueue).
Parsing file /tmp/tmp.fihrn9Xd4l/MCAntiRollback.tla
Parsing file /tmp/tmp.fihrn9Xd4l/AntiRollback.tla
Parsing file /tmp/tmp.fihrn9Xd4l/Integers.tla
Parsing file /tmp/tmp.fihrn9Xd4l/FiniteSets.tla
Parsing file /tmp/tmp.fihrn9Xd4l/Sequences.tla
Parsing file /tmp/tmp.fihrn9Xd4l/TLC.tla
Parsing file /tmp/tmp.fihrn9Xd4l/Naturals.tla
Semantic processing of module Naturals
Semantic processing of module Integers
Semantic processing of module Sequences
Semantic processing of module FiniteSets
Semantic processing of module TLC
Semantic processing of module AntiRollback
Semantic processing of module MCAntiRollback
Starting... (2026-09-30 20:10:31)
Computing initial states...
Finished computing initial states: 1 distinct state generated at 2026-09-30 20:10:32.
Checkpointing of run /tmp/tmp.fihrn9Xd4l/states/26-09-30-20-10-31
Checkpointing completed at (2026-09-30 20:40:35)
Model checking completed. No error has been found.
  Estimates of the probability that TLC did not check all reachable states
  because two distinct states had the same fingerprint:
  calculated (optimistic):  val = .0055
  based on the actual fingerprints:  val = .0015
952050152 states generated, 122581074 distinct states found, 0 states left on queue.
The depth of the complete state graph search is 38.
The average outdegree of the complete state graph is 1 (minimum is 0, the maximum 14 and the 95th percentile is 3).
Finished in 53min 25s at (2026-09-30 21:03:56)
