TLC2 Version 2.19 of 08 August 2024 (rev: 5a47802)
Running breadth-first search Model-Checking with fp 90 and seed 8482579849346713069 with 4 workers on 48 cores with 9102MB heap and 64MB offheap memory [pid: 2356077] (Linux 6.18.26 amd64, N/A 21.0.12.1 x86_64, MSBDiskFPSet, DiskStateQueue).
Parsing file /tmp/tmp.n33yXJxTTq/MCSynchronizer.tla
Parsing file /tmp/tmp.n33yXJxTTq/Synchronizer.tla
Parsing file /tmp/tmp.n33yXJxTTq/Naturals.tla
Parsing file /tmp/tmp.n33yXJxTTq/FiniteSets.tla
Parsing file /tmp/tmp.n33yXJxTTq/Sequences.tla
Parsing file /tmp/tmp.n33yXJxTTq/TLC.tla
Semantic processing of module Naturals
Semantic processing of module Sequences
Semantic processing of module FiniteSets
Semantic processing of module TLC
Semantic processing of module Synchronizer
Semantic processing of module MCSynchronizer
Starting... (2026-09-30 19:58:53)
Computing initial states...
Finished computing initial states: 1 distinct state generated at 2026-09-30 19:58:53.
Model checking completed. No error has been found.
  Estimates of the probability that TLC did not check all reachable states
  because two distinct states had the same fingerprint:
  calculated (optimistic):  val = 1.2E-7
  based on the actual fingerprints:  val = 1.7E-8
4864017 states generated, 517150 distinct states found, 0 states left on queue.
The depth of the complete state graph search is 30.
The average outdegree of the complete state graph is 1 (minimum is 0, the maximum 13 and the 95th percentile is 3).
Finished in 01min 39s at (2026-09-30 20:00:32)
