TLC2 Version 2.19 of 08 August 2024 (rev: 5a47802)
Running breadth-first search Model-Checking with fp 109 and seed -1215542666958448814 with 4 workers on 48 cores with 9102MB heap and 64MB offheap memory [pid: 2354715] (Linux 6.18.26 amd64, N/A 21.0.12.1 x86_64, MSBDiskFPSet, DiskStateQueue).
Parsing file /tmp/tmp.7qJcOZoZwC/MCAntiRollback.tla
Parsing file /tmp/tmp.7qJcOZoZwC/AntiRollback.tla
Parsing file /tmp/tmp.7qJcOZoZwC/Integers.tla
Parsing file /tmp/tmp.7qJcOZoZwC/FiniteSets.tla
Parsing file /tmp/tmp.7qJcOZoZwC/Sequences.tla
Parsing file /tmp/tmp.7qJcOZoZwC/TLC.tla
Parsing file /tmp/tmp.7qJcOZoZwC/Naturals.tla
Semantic processing of module Naturals
Semantic processing of module Integers
Semantic processing of module Sequences
Semantic processing of module FiniteSets
Semantic processing of module TLC
Semantic processing of module AntiRollback
Semantic processing of module MCAntiRollback
Starting... (2026-09-30 19:58:11)
Computing initial states...
Finished computing initial states: 1 distinct state generated at 2026-09-30 19:58:11.
Error: Invariant NoRollback is violated.
Error: The behavior up to this point is:
State 1: <Initial predicate>
/\ leader = 1
/\ rcommit = 0
/\ has = <<0, 0, 0, 0>>
/\ ns = <<"up", "up", "up", "unborn">>
/\ cl = <<"R", "R">>
/\ now = 0
/\ cs = [ R |->
      [ k |-> [A |-> [ver |-> 0, reg |-> FALSE, com |-> 0]],
        ret |-> {},
        wm |-> [A |-> -1],
        rl |-> {},
        rids |-> {},
        rt |-> {} ],
  D |->
      [ k |-> [A |-> [ver |-> 0, reg |-> FALSE, com |-> 0]],
        ret |-> {},
        wm |-> [A |-> -1],
        rl |-> {},
        rids |-> {},
        rt |-> {} ] ]
/\ pend = <<0, 0>>
/\ ackIdx = {}
/\ violStale = FALSE
/\ ph = <<"off", "off">>
/\ disk = <<0, 0>>
/\ parent = <<0, 0>>
/\ revEver = {}
/\ issued = {}
/\ slotOf = <<1, 2, 3, 1>>
/\ rlog = <<>>
/\ img = <<"A", "A">>
/\ ver = <<0, 0>>
/\ violOwner = FALSE
/\ disasters = 0
/\ pst = <<0, 0>>
/\ thinks = {1, 2, 3}
/\ rsp = << [ has |-> FALSE,
     r |-> [ver |-> 0, kind |-> "None"],
     idx |-> 0,
     sv |-> FALSE,
     ov |-> FALSE ],
   [ has |-> FALSE,
     r |-> [ver |-> 0, kind |-> "None"],
     idx |-> 0,
     sv |-> FALSE,
     ov |-> FALSE ] >>
/\ was = {1, 2, 3}
/\ violRev = 0
/\ nid = 0
/\ violRollback = FALSE
/\ revIssued = {}
/\ acked = {}
/\ violAuth = FALSE
/\ cfg = {1, 2, 3}
/\ nstate = 0

State 2: <Next line 759, col 8 to line 759, col 87 of module AntiRollback>
/\ leader = 1
/\ rcommit = 0
/\ has = <<0, 0, 0, 0>>
/\ ns = <<"up", "up", "up", "unborn">>
/\ cl = <<"D", "R">>
/\ now = 0
/\ cs = [ R |->
      [ k |-> [A |-> [ver |-> 0, reg |-> FALSE, com |-> 0]],
        ret |-> {},
        wm |-> [A |-> -1],
        rl |-> {},
        rids |-> {},
        rt |-> {} ],
  D |->
      [ k |-> [A |-> [ver |-> 0, reg |-> FALSE, com |-> 0]],
        ret |-> {},
        wm |-> [A |-> -1],
        rl |-> {},
        rids |-> {},
        rt |-> {} ] ]
/\ pend = <<0, 0>>
/\ ackIdx = {}
/\ violStale = FALSE
/\ ph = <<"get", "off">>
/\ disk = <<0, 0>>
/\ parent = <<0, 0>>
/\ revEver = {}
/\ issued = {}
/\ slotOf = <<1, 2, 3, 1>>
/\ rlog = <<>>
/\ img = <<"A", "A">>
/\ ver = <<0, 0>>
/\ violOwner = FALSE
/\ disasters = 0
/\ pst = <<0, 0>>
/\ thinks = {1, 2, 3}
/\ rsp = << [ has |-> FALSE,
     r |-> [ver |-> 0, kind |-> "None"],
     idx |-> 0,
     sv |-> FALSE,
     ov |-> FALSE ],
   [ has |-> FALSE,
     r |-> [ver |-> 0, kind |-> "None"],
     idx |-> 0,
     sv |-> FALSE,
     ov |-> FALSE ] >>
/\ was = {1, 2, 3}
/\ violRev = 0
/\ nid = 0
/\ violRollback = FALSE
/\ revIssued = {}
/\ acked = {}
/\ violAuth = FALSE
/\ cfg = {1, 2, 3}
/\ nstate = 0

State 3: <Next line 759, col 8 to line 759, col 87 of module AntiRollback>
/\ leader = 1
/\ rcommit = 0
/\ has = <<0, 0, 0, 0>>
/\ ns = <<"up", "up", "up", "unborn">>
/\ cl = <<"D", "D">>
/\ now = 0
/\ cs = [ R |->
      [ k |-> [A |-> [ver |-> 0, reg |-> FALSE, com |-> 0]],
        ret |-> {},
        wm |-> [A |-> -1],
        rl |-> {},
        rids |-> {},
        rt |-> {} ],
  D |->
      [ k |-> [A |-> [ver |-> 0, reg |-> FALSE, com |-> 0]],
        ret |-> {},
        wm |-> [A |-> -1],
        rl |-> {},
        rids |-> {},
        rt |-> {} ] ]
/\ pend = <<0, 0>>
/\ ackIdx = {}
/\ violStale = FALSE
/\ ph = <<"get", "get">>
/\ disk = <<0, 0>>
/\ parent = <<0, 0>>
/\ revEver = {}
/\ issued = {}
/\ slotOf = <<1, 2, 3, 1>>
/\ rlog = <<>>
/\ img = <<"A", "A">>
/\ ver = <<0, 0>>
/\ violOwner = FALSE
/\ disasters = 0
/\ pst = <<0, 0>>
/\ thinks = {1, 2, 3}
/\ rsp = << [ has |-> FALSE,
     r |-> [ver |-> 0, kind |-> "None"],
     idx |-> 0,
     sv |-> FALSE,
     ov |-> FALSE ],
   [ has |-> FALSE,
     r |-> [ver |-> 0, kind |-> "None"],
     idx |-> 0,
     sv |-> FALSE,
     ov |-> FALSE ] >>
/\ was = {1, 2, 3}
/\ violRev = 0
/\ nid = 0
/\ violRollback = FALSE
/\ revIssued = {}
/\ acked = {}
/\ violAuth = FALSE
/\ cfg = {1, 2, 3}
/\ nstate = 0

State 4: <Next line 772, col 8 to line 772, col 55 of module AntiRollback>
/\ leader = 1
/\ rcommit = 0
/\ has = <<0, 0, 0, 0>>
/\ ns = <<"up", "up", "up", "unborn">>
/\ cl = <<"D", "D">>
/\ now = 0
/\ cs = [ R |->
      [ k |-> [A |-> [ver |-> 0, reg |-> FALSE, com |-> 0]],
        ret |-> {},
        wm |-> [A |-> -1],
        rl |-> {},
        rids |-> {},
        rt |-> {} ],
  D |->
      [ k |-> [A |-> [ver |-> 0, reg |-> TRUE, com |-> 0]],
        ret |-> {},
        wm |-> [A |-> -1],
        rl |-> {},
        rids |-> {},
        rt |-> {} ] ]
/\ pend = <<0, 0>>
/\ ackIdx = {}
/\ violStale = FALSE
/\ ph = <<"get", "get">>
/\ disk = <<0, 0>>
/\ parent = <<0, 0>>
/\ revEver = {}
/\ issued = {}
/\ slotOf = <<1, 2, 3, 1>>
/\ rlog = <<>>
/\ img = <<"A", "A">>
/\ ver = <<0, 0>>
/\ violOwner = TRUE
/\ disasters = 0
/\ pst = <<0, 0>>
/\ thinks = {1, 2, 3}
/\ rsp = << [ has |-> FALSE,
     r |-> [ver |-> 0, kind |-> "None"],
     idx |-> 0,
     sv |-> FALSE,
     ov |-> FALSE ],
   [ has |-> FALSE,
     r |-> [ver |-> 0, kind |-> "None"],
     idx |-> 0,
     sv |-> FALSE,
     ov |-> FALSE ] >>
/\ was = {1, 2, 3}
/\ violRev = 0
/\ nid = 1
/\ violRollback = FALSE
/\ revIssued = {}
/\ acked = {}
/\ violAuth = FALSE
/\ cfg = {1, 2, 3}
/\ nstate = 0

State 5: <BootGet line 403, col 5 to line 418, col 75 of module AntiRollback>
/\ leader = 1
/\ rcommit = 0
/\ has = <<0, 0, 0, 0>>
/\ ns = <<"up", "up", "up", "unborn">>
/\ cl = <<"D", "D">>
/\ now = 0
/\ cs = [ R |->
      [ k |-> [A |-> [ver |-> 0, reg |-> FALSE, com |-> 0]],
        ret |-> {},
        wm |-> [A |-> -1],
        rl |-> {},
        rids |-> {},
        rt |-> {} ],
  D |->
      [ k |-> [A |-> [ver |-> 0, reg |-> TRUE, com |-> 0]],
        ret |-> {},
        wm |-> [A |-> -1],
        rl |-> {},
        rids |-> {},
        rt |-> {} ] ]
/\ pend = <<0, 0>>
/\ ackIdx = {}
/\ violStale = FALSE
/\ ph = <<"srv", "get">>
/\ disk = <<0, 0>>
/\ parent = <<0, 0>>
/\ revEver = {}
/\ issued = {}
/\ slotOf = <<1, 2, 3, 1>>
/\ rlog = <<>>
/\ img = <<"A", "A">>
/\ ver = <<0, 0>>
/\ violOwner = TRUE
/\ disasters = 0
/\ pst = <<0, 0>>
/\ thinks = {1, 2, 3}
/\ rsp = << [ has |-> FALSE,
     r |-> [ver |-> 0, kind |-> "None"],
     idx |-> 0,
     sv |-> FALSE,
     ov |-> FALSE ],
   [ has |-> FALSE,
     r |-> [ver |-> 0, kind |-> "None"],
     idx |-> 0,
     sv |-> FALSE,
     ov |-> FALSE ] >>
/\ was = {1, 2, 3}
/\ violRev = 0
/\ nid = 1
/\ violRollback = FALSE
/\ revIssued = {}
/\ acked = {}
/\ violAuth = FALSE
/\ cfg = {1, 2, 3}
/\ nstate = 0

State 6: <Write line 491, col 5 to line 498, col 46 of module AntiRollback>
/\ leader = 1
/\ rcommit = 0
/\ has = <<0, 0, 0, 0>>
/\ ns = <<"up", "up", "up", "unborn">>
/\ cl = <<"D", "D">>
/\ now = 0
/\ cs = [ R |->
      [ k |-> [A |-> [ver |-> 0, reg |-> FALSE, com |-> 0]],
        ret |-> {},
        wm |-> [A |-> -1],
        rl |-> {},
        rids |-> {},
        rt |-> {} ],
  D |->
      [ k |-> [A |-> [ver |-> 0, reg |-> TRUE, com |-> 0]],
        ret |-> {},
        wm |-> [A |-> -1],
        rl |-> {},
        rids |-> {},
        rt |-> {} ] ]
/\ pend = <<0, 0>>
/\ ackIdx = {}
/\ violStale = FALSE
/\ ph = <<"pin", "get">>
/\ disk = <<0, 0>>
/\ parent = <<0, 0>>
/\ revEver = {}
/\ issued = {}
/\ slotOf = <<1, 2, 3, 1>>
/\ rlog = <<>>
/\ img = <<"A", "A">>
/\ ver = <<0, 0>>
/\ violOwner = TRUE
/\ disasters = 0
/\ pst = <<1, 0>>
/\ thinks = {1, 2, 3}
/\ rsp = << [ has |-> FALSE,
     r |-> [ver |-> 0, kind |-> "None"],
     idx |-> 0,
     sv |-> FALSE,
     ov |-> FALSE ],
   [ has |-> FALSE,
     r |-> [ver |-> 0, kind |-> "None"],
     idx |-> 0,
     sv |-> FALSE,
     ov |-> FALSE ] >>
/\ was = {1, 2, 3}
/\ violRev = 0
/\ nid = 1
/\ violRollback = FALSE
/\ revIssued = {}
/\ acked = {}
/\ violAuth = FALSE
/\ cfg = {1, 2, 3}
/\ nstate = 1

State 7: <PinSubmit line 503, col 5 to line 509, col 63 of module AntiRollback>
/\ leader = 1
/\ rcommit = 0
/\ has = <<0, 0, 0, 0>>
/\ ns = <<"up", "up", "up", "unborn">>
/\ cl = <<"D", "D">>
/\ now = 0
/\ cs = [ R |->
      [ k |-> [A |-> [ver |-> 0, reg |-> FALSE, com |-> 0]],
        ret |-> {},
        wm |-> [A |-> -1],
        rl |-> {},
        rids |-> {},
        rt |-> {} ],
  D |->
      [ k |-> [A |-> [ver |-> 1, reg |-> TRUE, com |-> 1]],
        ret |-> {},
        wm |-> [A |-> -1],
        rl |-> {},
        rids |-> {},
        rt |-> {} ] ]
/\ pend = <<2, 0>>
/\ ackIdx = {}
/\ violStale = FALSE
/\ ph = <<"pin", "get">>
/\ disk = <<0, 0>>
/\ parent = <<0, 0>>
/\ revEver = {}
/\ issued = {}
/\ slotOf = <<1, 2, 3, 1>>
/\ rlog = <<>>
/\ img = <<"A", "A">>
/\ ver = <<0, 0>>
/\ violOwner = TRUE
/\ disasters = 0
/\ pst = <<1, 0>>
/\ thinks = {1, 2, 3}
/\ rsp = << [ has |-> TRUE,
     r |-> [ver |-> 1, kind |-> "Ok"],
     idx |-> 0,
     sv |-> FALSE,
     ov |-> FALSE ],
   [ has |-> FALSE,
     r |-> [ver |-> 0, kind |-> "None"],
     idx |-> 0,
     sv |-> FALSE,
     ov |-> FALSE ] >>
/\ was = {1, 2, 3}
/\ violRev = 0
/\ nid = 2
/\ violRollback = FALSE
/\ revIssued = {}
/\ acked = {}
/\ violAuth = FALSE
/\ cfg = {1, 2, 3}
/\ nstate = 1

State 8: <Deliver line 560, col 5 to line 594, col 60 of module AntiRollback>
/\ leader = 1
/\ rcommit = 0
/\ has = <<0, 0, 0, 0>>
/\ ns = <<"up", "up", "up", "unborn">>
/\ cl = <<"D", "D">>
/\ now = 0
/\ cs = [ R |->
      [ k |-> [A |-> [ver |-> 0, reg |-> FALSE, com |-> 0]],
        ret |-> {},
        wm |-> [A |-> -1],
        rl |-> {},
        rids |-> {},
        rt |-> {} ],
  D |->
      [ k |-> [A |-> [ver |-> 1, reg |-> TRUE, com |-> 1]],
        ret |-> {},
        wm |-> [A |-> -1],
        rl |-> {},
        rids |-> {},
        rt |-> {} ] ]
/\ pend = <<0, 0>>
/\ ackIdx = {}
/\ violStale = FALSE
/\ ph = <<"srv", "get">>
/\ disk = <<1, 0>>
/\ parent = <<0, 0>>
/\ revEver = {}
/\ issued = {}
/\ slotOf = <<1, 2, 3, 1>>
/\ rlog = <<>>
/\ img = <<"A", "A">>
/\ ver = <<1, 0>>
/\ violOwner = TRUE
/\ disasters = 0
/\ pst = <<1, 0>>
/\ thinks = {1, 2, 3}
/\ rsp = << [ has |-> FALSE,
     r |-> [ver |-> 0, kind |-> "None"],
     idx |-> 0,
     sv |-> FALSE,
     ov |-> FALSE ],
   [ has |-> FALSE,
     r |-> [ver |-> 0, kind |-> "None"],
     idx |-> 0,
     sv |-> FALSE,
     ov |-> FALSE ] >>
/\ was = {1, 2, 3}
/\ violRev = 0
/\ nid = 2
/\ violRollback = FALSE
/\ revIssued = {}
/\ acked = {<<"A", 1>>}
/\ violAuth = FALSE
/\ cfg = {1, 2, 3}
/\ nstate = 1

State 9: <Next line 772, col 8 to line 772, col 55 of module AntiRollback>
/\ leader = 1
/\ rcommit = 0
/\ has = <<0, 0, 0, 0>>
/\ ns = <<"up", "up", "up", "unborn">>
/\ cl = <<"D", "D">>
/\ now = 0
/\ cs = [ R |->
      [ k |-> [A |-> [ver |-> 0, reg |-> FALSE, com |-> 0]],
        ret |-> {},
        wm |-> [A |-> -1],
        rl |-> {},
        rids |-> {},
        rt |-> {} ],
  D |->
      [ k |-> [A |-> [ver |-> 2, reg |-> TRUE, com |-> 0]],
        ret |-> {},
        wm |-> [A |-> -1],
        rl |-> {},
        rids |-> {},
        rt |-> {} ] ]
/\ pend = <<0, 0>>
/\ ackIdx = {}
/\ violStale = FALSE
/\ ph = <<"srv", "get">>
/\ disk = <<1, 0>>
/\ parent = <<0, 0>>
/\ revEver = {}
/\ issued = {}
/\ slotOf = <<1, 2, 3, 1>>
/\ rlog = <<>>
/\ img = <<"A", "A">>
/\ ver = <<1, 0>>
/\ violOwner = TRUE
/\ disasters = 0
/\ pst = <<1, 0>>
/\ thinks = {1, 2, 3}
/\ rsp = << [ has |-> FALSE,
     r |-> [ver |-> 0, kind |-> "None"],
     idx |-> 0,
     sv |-> FALSE,
     ov |-> FALSE ],
   [ has |-> FALSE,
     r |-> [ver |-> 0, kind |-> "None"],
     idx |-> 0,
     sv |-> FALSE,
     ov |-> FALSE ] >>
/\ was = {1, 2, 3}
/\ violRev = 0
/\ nid = 3
/\ violRollback = FALSE
/\ revIssued = {}
/\ acked = {<<"A", 1>>}
/\ violAuth = FALSE
/\ cfg = {1, 2, 3}
/\ nstate = 1

State 10: <BootGet line 403, col 5 to line 418, col 75 of module AntiRollback>
/\ leader = 1
/\ rcommit = 0
/\ has = <<0, 0, 0, 0>>
/\ ns = <<"up", "up", "up", "unborn">>
/\ cl = <<"D", "D">>
/\ now = 0
/\ cs = [ R |->
      [ k |-> [A |-> [ver |-> 0, reg |-> FALSE, com |-> 0]],
        ret |-> {},
        wm |-> [A |-> -1],
        rl |-> {},
        rids |-> {},
        rt |-> {} ],
  D |->
      [ k |-> [A |-> [ver |-> 2, reg |-> TRUE, com |-> 0]],
        ret |-> {},
        wm |-> [A |-> -1],
        rl |-> {},
        rids |-> {},
        rt |-> {} ] ]
/\ pend = <<0, 0>>
/\ ackIdx = {}
/\ violStale = FALSE
/\ ph = <<"srv", "srv">>
/\ disk = <<1, 0>>
/\ parent = <<0, 0>>
/\ revEver = {}
/\ issued = {}
/\ slotOf = <<1, 2, 3, 1>>
/\ rlog = <<>>
/\ img = <<"A", "A">>
/\ ver = <<1, 2>>
/\ violOwner = TRUE
/\ disasters = 0
/\ pst = <<1, 0>>
/\ thinks = {1, 2, 3}
/\ rsp = << [ has |-> FALSE,
     r |-> [ver |-> 0, kind |-> "None"],
     idx |-> 0,
     sv |-> FALSE,
     ov |-> FALSE ],
   [ has |-> FALSE,
     r |-> [ver |-> 0, kind |-> "None"],
     idx |-> 0,
     sv |-> FALSE,
     ov |-> FALSE ] >>
/\ was = {1, 2, 3}
/\ violRev = 0
/\ nid = 3
/\ violRollback = TRUE
/\ revIssued = {}
/\ acked = {<<"A", 1>>}
/\ violAuth = FALSE
/\ cfg = {1, 2, 3}
/\ nstate = 1

277649 states generated, 74592 distinct states found, 43928 states left on queue.
The depth of the complete state graph search is 11.
The average outdegree of the complete state graph is 2 (minimum is 0, the maximum 13 and the 95th percentile is 5).
Finished in 01s at (2026-09-30 19:58:13)
