TLC2 Version 2.19 of 08 August 2024 (rev: 5a47802)
Running breadth-first search Model-Checking with fp 63 and seed -9137486143134586944 with 4 workers on 48 cores with 9102MB heap and 64MB offheap memory [pid: 2355627] (Linux 6.18.26 amd64, N/A 21.0.12.1 x86_64, MSBDiskFPSet, DiskStateQueue).
Parsing file /tmp/tmp.I5Af5fLxb9/MCAntiRollback.tla
Parsing file /tmp/tmp.I5Af5fLxb9/AntiRollback.tla
Parsing file /tmp/tmp.I5Af5fLxb9/Integers.tla
Parsing file /tmp/tmp.I5Af5fLxb9/FiniteSets.tla
Parsing file /tmp/tmp.I5Af5fLxb9/Sequences.tla
Parsing file /tmp/tmp.I5Af5fLxb9/TLC.tla
Parsing file /tmp/tmp.I5Af5fLxb9/Naturals.tla
Semantic processing of module Naturals
Semantic processing of module Integers
Semantic processing of module Sequences
Semantic processing of module FiniteSets
Semantic processing of module TLC
Semantic processing of module AntiRollback
Semantic processing of module MCAntiRollback
Starting... (2026-09-30 19:58:40)
Computing initial states...
Finished computing initial states: 1 distinct state generated at 2026-09-30 19:58:40.
Error: Invariant AckDurability is violated.
Error: The behavior up to this point is:
State 1: <Initial predicate>
/\ leader = 1
/\ rcommit = 0
/\ has = <<0, 0, 0, 0>>
/\ ns = <<"up", "up", "up", "unborn">>
/\ cl = <<"R", "R">>
/\ now = 0
/\ cs = [ R |->
      [ k |-> [A |-> [ver |-> 0, reg |-> FALSE, com |-> 0]],
        ret |-> {},
        wm |-> [A |-> -1],
        rl |-> {},
        rids |-> {},
        rt |-> {} ] ]
/\ pend = <<0, 0>>
/\ ackIdx = {}
/\ violStale = FALSE
/\ ph = <<"off", "off">>
/\ disk = <<0, 0>>
/\ parent = <<0, 0>>
/\ revEver = {}
/\ issued = {}
/\ slotOf = <<1, 2, 3, 1>>
/\ rlog = <<>>
/\ img = <<"A", "A">>
/\ ver = <<0, 0>>
/\ violOwner = FALSE
/\ disasters = 0
/\ pst = <<0, 0>>
/\ thinks = {1, 2, 3}
/\ rsp = << [ has |-> FALSE,
     r |-> [ver |-> 0, kind |-> "None"],
     idx |-> 0,
     sv |-> FALSE,
     ov |-> FALSE ],
   [ has |-> FALSE,
     r |-> [ver |-> 0, kind |-> "None"],
     idx |-> 0,
     sv |-> FALSE,
     ov |-> FALSE ] >>
/\ was = {1, 2, 3}
/\ violRev = 0
/\ nid = 0
/\ violRollback = FALSE
/\ revIssued = {}
/\ acked = {}
/\ violAuth = FALSE
/\ cfg = {1, 2, 3}
/\ nstate = 0

State 2: <Next line 759, col 8 to line 759, col 87 of module AntiRollback>
/\ leader = 1
/\ rcommit = 0
/\ has = <<0, 0, 0, 0>>
/\ ns = <<"up", "up", "up", "unborn">>
/\ cl = <<"R", "R">>
/\ now = 0
/\ cs = [ R |->
      [ k |-> [A |-> [ver |-> 0, reg |-> FALSE, com |-> 0]],
        ret |-> {},
        wm |-> [A |-> -1],
        rl |-> {},
        rids |-> {},
        rt |-> {} ] ]
/\ pend = <<0, 0>>
/\ ackIdx = {}
/\ violStale = FALSE
/\ ph = <<"get", "off">>
/\ disk = <<0, 0>>
/\ parent = <<0, 0>>
/\ revEver = {}
/\ issued = {}
/\ slotOf = <<1, 2, 3, 1>>
/\ rlog = <<>>
/\ img = <<"A", "A">>
/\ ver = <<0, 0>>
/\ violOwner = FALSE
/\ disasters = 0
/\ pst = <<0, 0>>
/\ thinks = {1, 2, 3}
/\ rsp = << [ has |-> FALSE,
     r |-> [ver |-> 0, kind |-> "None"],
     idx |-> 0,
     sv |-> FALSE,
     ov |-> FALSE ],
   [ has |-> FALSE,
     r |-> [ver |-> 0, kind |-> "None"],
     idx |-> 0,
     sv |-> FALSE,
     ov |-> FALSE ] >>
/\ was = {1, 2, 3}
/\ violRev = 0
/\ nid = 0
/\ violRollback = FALSE
/\ revIssued = {}
/\ acked = {}
/\ violAuth = FALSE
/\ cfg = {1, 2, 3}
/\ nstate = 0

State 3: <BootGet line 403, col 5 to line 418, col 75 of module AntiRollback>
/\ leader = 1
/\ rcommit = 0
/\ has = <<0, 0, 0, 0>>
/\ ns = <<"up", "up", "up", "unborn">>
/\ cl = <<"R", "R">>
/\ now = 0
/\ cs = [ R |->
      [ k |-> [A |-> [ver |-> 0, reg |-> FALSE, com |-> 0]],
        ret |-> {},
        wm |-> [A |-> -1],
        rl |-> {},
        rids |-> {},
        rt |-> {} ] ]
/\ pend = <<0, 0>>
/\ ackIdx = {}
/\ violStale = FALSE
/\ ph = <<"reg", "off">>
/\ disk = <<0, 0>>
/\ parent = <<0, 0>>
/\ revEver = {}
/\ issued = {}
/\ slotOf = <<1, 2, 3, 1>>
/\ rlog = <<>>
/\ img = <<"A", "A">>
/\ ver = <<0, 0>>
/\ violOwner = FALSE
/\ disasters = 0
/\ pst = <<0, 0>>
/\ thinks = {1, 2, 3}
/\ rsp = << [ has |-> FALSE,
     r |-> [ver |-> 0, kind |-> "None"],
     idx |-> 0,
     sv |-> FALSE,
     ov |-> FALSE ],
   [ has |-> FALSE,
     r |-> [ver |-> 0, kind |-> "None"],
     idx |-> 0,
     sv |-> FALSE,
     ov |-> FALSE ] >>
/\ was = {1, 2, 3}
/\ violRev = 0
/\ nid = 0
/\ violRollback = FALSE
/\ revIssued = {}
/\ acked = {}
/\ violAuth = FALSE
/\ cfg = {1, 2, 3}
/\ nstate = 0

State 4: <BootRegister line 432, col 5 to line 438, col 63 of module AntiRollback>
/\ leader = 1
/\ rcommit = 0
/\ has = <<1, 0, 0, 0>>
/\ ns = <<"up", "up", "up", "unborn">>
/\ cl = <<"R", "R">>
/\ now = 0
/\ cs = [ R |->
      [ k |-> [A |-> [ver |-> 0, reg |-> FALSE, com |-> 0]],
        ret |-> {},
        wm |-> [A |-> -1],
        rl |-> {},
        rids |-> {},
        rt |-> {} ] ]
/\ pend = <<1, 0>>
/\ ackIdx = {}
/\ violStale = FALSE
/\ ph = <<"reg", "off">>
/\ disk = <<0, 0>>
/\ parent = <<0, 0>>
/\ revEver = {}
/\ issued = {}
/\ slotOf = <<1, 2, 3, 1>>
/\ rlog = << [ id |-> 1,
     iss |-> 0,
     t |-> 0,
     com |-> 0,
     kind |-> "Reg",
     key |-> "A",
     lk |->
         [id |-> 0, from |-> "-", to |-> "-", vf |-> 0, iss |-> 0, tpl |-> 0],
     rid |-> 0,
     ev |-> 0,
     new |-> "A",
     tgt |->
         [id |-> 0, from |-> "-", to |-> "-", vf |-> 0, iss |-> 0, tpl |-> 0],
     by |-> "enc" ] >>
/\ img = <<"A", "A">>
/\ ver = <<0, 0>>
/\ violOwner = FALSE
/\ disasters = 0
/\ pst = <<0, 0>>
/\ thinks = {1, 2, 3}
/\ rsp = << [ has |-> FALSE,
     r |-> [ver |-> 0, kind |-> "None"],
     idx |-> 0,
     sv |-> FALSE,
     ov |-> FALSE ],
   [ has |-> FALSE,
     r |-> [ver |-> 0, kind |-> "None"],
     idx |-> 0,
     sv |-> FALSE,
     ov |-> FALSE ] >>
/\ was = {1, 2, 3}
/\ violRev = 0
/\ nid = 1
/\ violRollback = FALSE
/\ revIssued = {}
/\ acked = {}
/\ violAuth = FALSE
/\ cfg = {1, 2, 3}
/\ nstate = 0

State 5: <Replicate line 600, col 5 to line 604, col 54 of module AntiRollback>
/\ leader = 1
/\ rcommit = 0
/\ has = <<1, 1, 0, 0>>
/\ ns = <<"up", "up", "up", "unborn">>
/\ cl = <<"R", "R">>
/\ now = 0
/\ cs = [ R |->
      [ k |-> [A |-> [ver |-> 0, reg |-> FALSE, com |-> 0]],
        ret |-> {},
        wm |-> [A |-> -1],
        rl |-> {},
        rids |-> {},
        rt |-> {} ] ]
/\ pend = <<1, 0>>
/\ ackIdx = {}
/\ violStale = FALSE
/\ ph = <<"reg", "off">>
/\ disk = <<0, 0>>
/\ parent = <<0, 0>>
/\ revEver = {}
/\ issued = {}
/\ slotOf = <<1, 2, 3, 1>>
/\ rlog = << [ id |-> 1,
     iss |-> 0,
     t |-> 0,
     com |-> 0,
     kind |-> "Reg",
     key |-> "A",
     lk |->
         [id |-> 0, from |-> "-", to |-> "-", vf |-> 0, iss |-> 0, tpl |-> 0],
     rid |-> 0,
     ev |-> 0,
     new |-> "A",
     tgt |->
         [id |-> 0, from |-> "-", to |-> "-", vf |-> 0, iss |-> 0, tpl |-> 0],
     by |-> "enc" ] >>
/\ img = <<"A", "A">>
/\ ver = <<0, 0>>
/\ violOwner = FALSE
/\ disasters = 0
/\ pst = <<0, 0>>
/\ thinks = {1, 2, 3}
/\ rsp = << [ has |-> FALSE,
     r |-> [ver |-> 0, kind |-> "None"],
     idx |-> 0,
     sv |-> FALSE,
     ov |-> FALSE ],
   [ has |-> FALSE,
     r |-> [ver |-> 0, kind |-> "None"],
     idx |-> 0,
     sv |-> FALSE,
     ov |-> FALSE ] >>
/\ was = {1, 2, 3}
/\ violRev = 0
/\ nid = 1
/\ violRollback = FALSE
/\ revIssued = {}
/\ acked = {}
/\ violAuth = FALSE
/\ cfg = {1, 2, 3}
/\ nstate = 0

State 6: <Replicate line 600, col 5 to line 604, col 54 of module AntiRollback>
/\ leader = 1
/\ rcommit = 0
/\ has = <<1, 1, 1, 0>>
/\ ns = <<"up", "up", "up", "unborn">>
/\ cl = <<"R", "R">>
/\ now = 0
/\ cs = [ R |->
      [ k |-> [A |-> [ver |-> 0, reg |-> FALSE, com |-> 0]],
        ret |-> {},
        wm |-> [A |-> -1],
        rl |-> {},
        rids |-> {},
        rt |-> {} ] ]
/\ pend = <<1, 0>>
/\ ackIdx = {}
/\ violStale = FALSE
/\ ph = <<"reg", "off">>
/\ disk = <<0, 0>>
/\ parent = <<0, 0>>
/\ revEver = {}
/\ issued = {}
/\ slotOf = <<1, 2, 3, 1>>
/\ rlog = << [ id |-> 1,
     iss |-> 0,
     t |-> 0,
     com |-> 0,
     kind |-> "Reg",
     key |-> "A",
     lk |->
         [id |-> 0, from |-> "-", to |-> "-", vf |-> 0, iss |-> 0, tpl |-> 0],
     rid |-> 0,
     ev |-> 0,
     new |-> "A",
     tgt |->
         [id |-> 0, from |-> "-", to |-> "-", vf |-> 0, iss |-> 0, tpl |-> 0],
     by |-> "enc" ] >>
/\ img = <<"A", "A">>
/\ ver = <<0, 0>>
/\ violOwner = FALSE
/\ disasters = 0
/\ pst = <<0, 0>>
/\ thinks = {1, 2, 3}
/\ rsp = << [ has |-> FALSE,
     r |-> [ver |-> 0, kind |-> "None"],
     idx |-> 0,
     sv |-> FALSE,
     ov |-> FALSE ],
   [ has |-> FALSE,
     r |-> [ver |-> 0, kind |-> "None"],
     idx |-> 0,
     sv |-> FALSE,
     ov |-> FALSE ] >>
/\ was = {1, 2, 3}
/\ violRev = 0
/\ nid = 1
/\ violRollback = FALSE
/\ revIssued = {}
/\ acked = {}
/\ violAuth = FALSE
/\ cfg = {1, 2, 3}
/\ nstate = 0

State 7: <Start line 640, col 5 to line 644, col 49 of module AntiRollback>
/\ leader = 1
/\ rcommit = 0
/\ has = <<1, 1, 1, 0>>
/\ ns = <<"up", "up", "up", "up">>
/\ cl = <<"R", "R">>
/\ now = 0
/\ cs = [ R |->
      [ k |-> [A |-> [ver |-> 0, reg |-> FALSE, com |-> 0]],
        ret |-> {},
        wm |-> [A |-> -1],
        rl |-> {},
        rids |-> {},
        rt |-> {} ] ]
/\ pend = <<1, 0>>
/\ ackIdx = {}
/\ violStale = FALSE
/\ ph = <<"reg", "off">>
/\ disk = <<0, 0>>
/\ parent = <<0, 0>>
/\ revEver = {}
/\ issued = {}
/\ slotOf = <<1, 2, 3, 1>>
/\ rlog = << [ id |-> 1,
     iss |-> 0,
     t |-> 0,
     com |-> 0,
     kind |-> "Reg",
     key |-> "A",
     lk |->
         [id |-> 0, from |-> "-", to |-> "-", vf |-> 0, iss |-> 0, tpl |-> 0],
     rid |-> 0,
     ev |-> 0,
     new |-> "A",
     tgt |->
         [id |-> 0, from |-> "-", to |-> "-", vf |-> 0, iss |-> 0, tpl |-> 0],
     by |-> "enc" ] >>
/\ img = <<"A", "A">>
/\ ver = <<0, 0>>
/\ violOwner = FALSE
/\ disasters = 0
/\ pst = <<0, 0>>
/\ thinks = {1, 2, 3}
/\ rsp = << [ has |-> FALSE,
     r |-> [ver |-> 0, kind |-> "None"],
     idx |-> 0,
     sv |-> FALSE,
     ov |-> FALSE ],
   [ has |-> FALSE,
     r |-> [ver |-> 0, kind |-> "None"],
     idx |-> 0,
     sv |-> FALSE,
     ov |-> FALSE ] >>
/\ was = {1, 2, 3}
/\ violRev = 0
/\ nid = 1
/\ violRollback = FALSE
/\ revIssued = {}
/\ acked = {}
/\ violAuth = FALSE
/\ cfg = {1, 2, 3}
/\ nstate = 0

State 8: <AdvanceR line 609, col 5 to line 622, col 73 of module AntiRollback>
/\ leader = 1
/\ rcommit = 1
/\ has = <<1, 1, 1, 0>>
/\ ns = <<"up", "up", "up", "up">>
/\ cl = <<"R", "R">>
/\ now = 0
/\ cs = [ R |->
      [ k |-> [A |-> [ver |-> 0, reg |-> TRUE, com |-> 0]],
        ret |-> {},
        wm |-> [A |-> -1],
        rl |-> {},
        rids |-> {},
        rt |-> {} ] ]
/\ pend = <<1, 0>>
/\ ackIdx = {}
/\ violStale = FALSE
/\ ph = <<"reg", "off">>
/\ disk = <<0, 0>>
/\ parent = <<0, 0>>
/\ revEver = {}
/\ issued = {}
/\ slotOf = <<1, 2, 3, 1>>
/\ rlog = << [ id |-> 1,
     iss |-> 0,
     t |-> 0,
     com |-> 0,
     kind |-> "Reg",
     key |-> "A",
     lk |->
         [id |-> 0, from |-> "-", to |-> "-", vf |-> 0, iss |-> 0, tpl |-> 0],
     rid |-> 0,
     ev |-> 0,
     new |-> "A",
     tgt |->
         [id |-> 0, from |-> "-", to |-> "-", vf |-> 0, iss |-> 0, tpl |-> 0],
     by |-> "enc" ] >>
/\ img = <<"A", "A">>
/\ ver = <<0, 0>>
/\ violOwner = FALSE
/\ disasters = 0
/\ pst = <<0, 0>>
/\ thinks = {1, 2, 3}
/\ rsp = << [ has |-> TRUE,
     r |-> [ver |-> 0, kind |-> "Ok"],
     idx |-> 1,
     sv |-> FALSE,
     ov |-> FALSE ],
   [ has |-> FALSE,
     r |-> [ver |-> 0, kind |-> "None"],
     idx |-> 0,
     sv |-> FALSE,
     ov |-> FALSE ] >>
/\ was = {1, 2, 3}
/\ violRev = 0
/\ nid = 1
/\ violRollback = FALSE
/\ revIssued = {}
/\ acked = {}
/\ violAuth = FALSE
/\ cfg = {1, 2, 3}
/\ nstate = 0

State 9: <Deliver line 560, col 5 to line 594, col 60 of module AntiRollback>
/\ leader = 1
/\ rcommit = 1
/\ has = <<1, 1, 1, 0>>
/\ ns = <<"up", "up", "up", "up">>
/\ cl = <<"R", "R">>
/\ now = 0
/\ cs = [ R |->
      [ k |-> [A |-> [ver |-> 0, reg |-> TRUE, com |-> 0]],
        ret |-> {},
        wm |-> [A |-> -1],
        rl |-> {},
        rids |-> {},
        rt |-> {} ] ]
/\ pend = <<0, 0>>
/\ ackIdx = {<<1, 1>>}
/\ violStale = FALSE
/\ ph = <<"srv", "off">>
/\ disk = <<0, 0>>
/\ parent = <<0, 0>>
/\ revEver = {}
/\ issued = {}
/\ slotOf = <<1, 2, 3, 1>>
/\ rlog = << [ id |-> 1,
     iss |-> 0,
     t |-> 0,
     com |-> 0,
     kind |-> "Reg",
     key |-> "A",
     lk |->
         [id |-> 0, from |-> "-", to |-> "-", vf |-> 0, iss |-> 0, tpl |-> 0],
     rid |-> 0,
     ev |-> 0,
     new |-> "A",
     tgt |->
         [id |-> 0, from |-> "-", to |-> "-", vf |-> 0, iss |-> 0, tpl |-> 0],
     by |-> "enc" ] >>
/\ img = <<"A", "A">>
/\ ver = <<0, 0>>
/\ violOwner = FALSE
/\ disasters = 0
/\ pst = <<0, 0>>
/\ thinks = {1, 2, 3}
/\ rsp = << [ has |-> FALSE,
     r |-> [ver |-> 0, kind |-> "None"],
     idx |-> 0,
     sv |-> FALSE,
     ov |-> FALSE ],
   [ has |-> FALSE,
     r |-> [ver |-> 0, kind |-> "None"],
     idx |-> 0,
     sv |-> FALSE,
     ov |-> FALSE ] >>
/\ was = {1, 2, 3}
/\ violRev = 0
/\ nid = 1
/\ violRollback = FALSE
/\ revIssued = {}
/\ acked = {<<"A", 0>>}
/\ violAuth = FALSE
/\ cfg = {1, 2, 3}
/\ nstate = 0

State 10: <Crash line 628, col 5 to line 635, col 37 of module AntiRollback>
/\ leader = 1
/\ rcommit = 1
/\ has = <<1, 0, 1, 0>>
/\ ns = <<"up", "down", "up", "up">>
/\ cl = <<"R", "R">>
/\ now = 0
/\ cs = [ R |->
      [ k |-> [A |-> [ver |-> 0, reg |-> TRUE, com |-> 0]],
        ret |-> {},
        wm |-> [A |-> -1],
        rl |-> {},
        rids |-> {},
        rt |-> {} ] ]
/\ pend = <<0, 0>>
/\ ackIdx = {<<1, 1>>}
/\ violStale = FALSE
/\ ph = <<"srv", "off">>
/\ disk = <<0, 0>>
/\ parent = <<0, 0>>
/\ revEver = {}
/\ issued = {}
/\ slotOf = <<1, 2, 3, 1>>
/\ rlog = << [ id |-> 1,
     iss |-> 0,
     t |-> 0,
     com |-> 0,
     kind |-> "Reg",
     key |-> "A",
     lk |->
         [id |-> 0, from |-> "-", to |-> "-", vf |-> 0, iss |-> 0, tpl |-> 0],
     rid |-> 0,
     ev |-> 0,
     new |-> "A",
     tgt |->
         [id |-> 0, from |-> "-", to |-> "-", vf |-> 0, iss |-> 0, tpl |-> 0],
     by |-> "enc" ] >>
/\ img = <<"A", "A">>
/\ ver = <<0, 0>>
/\ violOwner = FALSE
/\ disasters = 0
/\ pst = <<0, 0>>
/\ thinks = {1, 3}
/\ rsp = << [ has |-> FALSE,
     r |-> [ver |-> 0, kind |-> "None"],
     idx |-> 0,
     sv |-> FALSE,
     ov |-> FALSE ],
   [ has |-> FALSE,
     r |-> [ver |-> 0, kind |-> "None"],
     idx |-> 0,
     sv |-> FALSE,
     ov |-> FALSE ] >>
/\ was = {1, 2, 3}
/\ violRev = 0
/\ nid = 1
/\ violRollback = FALSE
/\ revIssued = {}
/\ acked = {<<"A", 0>>}
/\ violAuth = FALSE
/\ cfg = {1, 2, 3}
/\ nstate = 0

State 11: <Crash line 628, col 5 to line 635, col 37 of module AntiRollback>
/\ leader = 0
/\ rcommit = 1
/\ has = <<0, 0, 1, 0>>
/\ ns = <<"down", "down", "up", "up">>
/\ cl = <<"R", "R">>
/\ now = 0
/\ cs = [ R |->
      [ k |-> [A |-> [ver |-> 0, reg |-> TRUE, com |-> 0]],
        ret |-> {},
        wm |-> [A |-> -1],
        rl |-> {},
        rids |-> {},
        rt |-> {} ] ]
/\ pend = <<0, 0>>
/\ ackIdx = {<<1, 1>>}
/\ violStale = FALSE
/\ ph = <<"srv", "off">>
/\ disk = <<0, 0>>
/\ parent = <<0, 0>>
/\ revEver = {}
/\ issued = {}
/\ slotOf = <<1, 2, 3, 1>>
/\ rlog = << [ id |-> 1,
     iss |-> 0,
     t |-> 0,
     com |-> 0,
     kind |-> "Reg",
     key |-> "A",
     lk |->
         [id |-> 0, from |-> "-", to |-> "-", vf |-> 0, iss |-> 0, tpl |-> 0],
     rid |-> 0,
     ev |-> 0,
     new |-> "A",
     tgt |->
         [id |-> 0, from |-> "-", to |-> "-", vf |-> 0, iss |-> 0, tpl |-> 0],
     by |-> "enc" ] >>
/\ img = <<"A", "A">>
/\ ver = <<0, 0>>
/\ violOwner = FALSE
/\ disasters = 0
/\ pst = <<0, 0>>
/\ thinks = {3}
/\ rsp = << [ has |-> FALSE,
     r |-> [ver |-> 0, kind |-> "None"],
     idx |-> 0,
     sv |-> FALSE,
     ov |-> FALSE ],
   [ has |-> FALSE,
     r |-> [ver |-> 0, kind |-> "None"],
     idx |-> 0,
     sv |-> FALSE,
     ov |-> FALSE ] >>
/\ was = {1, 2, 3}
/\ violRev = 0
/\ nid = 1
/\ violRollback = FALSE
/\ revIssued = {}
/\ acked = {<<"A", 0>>}
/\ violAuth = FALSE
/\ cfg = {1, 2, 3}
/\ nstate = 0

State 12: <ReseedFrom line 715, col 5 to line 733, col 51 of module AntiRollback>
/\ leader = 4
/\ rcommit = 0
/\ has = <<0, 0, 0, 0>>
/\ ns = <<"down", "down", "up", "up">>
/\ cl = <<"R", "R">>
/\ now = 0
/\ cs = [ R |->
      [ k |-> [A |-> [ver |-> 0, reg |-> FALSE, com |-> 0]],
        ret |-> {},
        wm |-> [A |-> -1],
        rl |-> {},
        rids |-> {},
        rt |-> {} ] ]
/\ pend = <<0, 0>>
/\ ackIdx = {<<1, 1>>}
/\ violStale = FALSE
/\ ph = <<"srv", "off">>
/\ disk = <<0, 0>>
/\ parent = <<0, 0>>
/\ revEver = {}
/\ issued = {}
/\ slotOf = <<1, 2, 3, 1>>
/\ rlog = <<>>
/\ img = <<"A", "A">>
/\ ver = <<0, 0>>
/\ violOwner = FALSE
/\ disasters = 1
/\ pst = <<0, 0>>
/\ thinks = {4}
/\ rsp = << [ has |-> FALSE,
     r |-> [ver |-> 0, kind |-> "None"],
     idx |-> 0,
     sv |-> FALSE,
     ov |-> FALSE ],
   [ has |-> FALSE,
     r |-> [ver |-> 0, kind |-> "None"],
     idx |-> 0,
     sv |-> FALSE,
     ov |-> FALSE ] >>
/\ was = {1, 2, 3, 4}
/\ violRev = 0
/\ nid = 1
/\ violRollback = FALSE
/\ revIssued = {}
/\ acked = {<<"A", 0>>}
/\ violAuth = FALSE
/\ cfg = {4}
/\ nstate = 0

44991 states generated, 13584 distinct states found, 4901 states left on queue.
The depth of the complete state graph search is 12.
The average outdegree of the complete state graph is 2 (minimum is 0, the maximum 9 and the 95th percentile is 4).
Finished in 01s at (2026-09-30 19:58:41)
